[vanitycheats.xyz/index.html]
[backblue.gif]
[fade.gif]
[index.html]
[vanitycheats.xyz/img/bg_default.jpg]
[vanitycheats.xyz/img/bg-default.jpg]
[vanitycheats.xyz/cdn-cgi/apps/head/SnVBRKgPHsuKrkdlACvOOrGsS6U.js]
[vanitycheats.xyz/fonts/ionicons/stylesheet.css]
[vanitycheats.xyz/fonts/font-awesome.min.css]
[vanitycheats.xyz/css/page-loader.css]
[vanitycheats.xyz/css/bootstrap.min.css]
[vanitycheats.xyz/js/swiper/swiper-bundle.css]
[vanitycheats.xyz/js/vegas/vegas.min.css]
[vanitycheats.xyz/css/main.css]
[vanitycheats.xyz/js/vendor/modernizr-2.7.1.min.js]
[vanitycheats.xyz/cdn-cgi/challenge-platform/h/b/scripts/invisible.js]
[vanitycheats.xyz/img/logo.png]
[vanitycheats.xyz/forum/tickets]
[vanitycheats.xyz/img/items/1month.png]
[vanitycheats.xyz/forum/index.html]
[vanitycheats.xyz/img/items/3month.png]
[vanitycheats.xyz/img/items/6month.png]
[vanitycheats.xyz/img/solo.jpg]
[vanitycheats.xyz/img/nohyper.png]
[vanitycheats.xyz/forum/pages/Info/index.html]
[vanitycheats.xyz/img/riley.png]
[vanitycheats.xyz/img/lmaoxd.jpg]
[vanitycheats.xyz/js/bootstrap.min.js]
[vanitycheats.xyz/forum/store/index.html]
[kit.fontawesome.com/3bf9a947dc.js]
[vanitycheats.xyz/forum/store/vanitycheats-monthly.1/index.html]
[vanitycheats.xyz/js/swiper/swiper-bundle.min.js]
[vanitycheats.xyz/js/rellax/rellax-custom.js]
[vanitycheats.xyz/js/axios/axios.min.js]
[vanitycheats.xyz/js/scroll-slider.js]
[vanitycheats.xyz/forum/store/vanitycheats-3-months.3/index.html]
[vanitycheats.xyz/js/section-scroll.js]
[vanitycheats.xyz/js/scroll-anim.js]
[vanitycheats.xyz/js/main.js]
[vanitycheats.xyz/js/init-form.js]
[vanitycheats.xyz/index.html]
[vanitycheats.xyz/img/bg_default.html]
[vanitycheats.xyz/cdn-cgi/scripts/7d0fa10a/cloudflare-static/rocket-loader.min.js]
[vanitycheats.xyz/forum/store/vanitycheats-6-months.4/index.html]
[vanitycheats.xyz/fonts/ionicons/ioniconsde33.eot]
[vanitycheats.xyz/fonts/ionicons/ioniconsde33.woff2]
[vanitycheats.xyz/fonts/ionicons/ioniconsde33.woff]
[vanitycheats.xyz/fonts/ionicons/ioniconsde33.ttf]
[vanitycheats.xyz/fonts/ionicons/stylesheet.css]
[vanitycheats.xyz/fonts/ionicons/ioniconsde33.svg]
[vanitycheats.xyz/fonts/fontawesome-webfont3e6e.eot]
[vanitycheats.xyz/fonts/fontawesome-webfontd41d.eot]
[vanitycheats.xyz/fonts/fontawesome-webfont3e6e.woff2]
[vanitycheats.xyz/fonts/fontawesome-webfont3e6e.woff]
[vanitycheats.xyz/fonts/fontawesome-webfont3e6e.ttf]
[vanitycheats.xyz/fonts/font-awesome.min.css]
[vanitycheats.xyz/css/page-loader.css]
[vanitycheats.xyz/css/bootstrap.min.css]
[vanitycheats.xyz/js/swiper/swiper-bundle.css]
[vanitycheats.xyz/fonts/fontawesome-webfont3e6e.svg]
[vanitycheats.xyz/js/vegas/overlays/02.png]
[vanitycheats.xyz/js/vegas/vegas.min.css]
[vanitycheats.xyz/css/main.css]
[vanitycheats.xyz/css/style-default.css]
[vanitycheats.xyz/js/vendor/modernizr-2.7.1.min.html]
[vanitycheats.xyz/forum/index.html]
[vanitycheats.xyz/forum/pages/Info/index.html]
[vanitycheats.xyz/forum/store/index.html]
[vanitycheats.xyz/forum/tickets.html]
[vanitycheats.xyz/forum/store/vanitycheats-monthly.1/index.html]
[vanitycheats.xyz/forum/store/vanitycheats-3-months.3/index.html]
[vanitycheats.xyz/forum/store/vanitycheats-6-months.4/index.html]
[vanitycheats.xyz/fonts/ionicons/ioniconsde33.svg]
[vanitycheats.xyz/fonts/fontawesome-webfont3e6e.svg]
